[napchaivietthai.com.vn/index.html]
[napchaivietthai.com.vn/cdn-cgi/apps/head/_keZryxMpn5m_yo9S1JFrUnLbHs.js]
[backblue.gif]
[fade.gif]
[index.html]
[ajax.cloudflare.com/cdn-cgi/scripts/7d0fa10a/cloudflare-static/rocket-loader.min.js]
[zyroassets.s3.us-east-2.amazonaws.com/_SITE-ASSETS/A8576OQ756ujLrWl/favicon.png]
[assets.zyrosite.com/A8576OQ756ujLrWl/LOGO-dWxPy7D8QOc6krRl.png]
[napchaivietthai.com.vn/gioi-thieu.html]
[napchaivietthai.com.vn/nap-nhom.html]
[napchaivietthai.com.vn/nap-bi-nhua.html]
[napchaivietthai.com.vn/nap-thu-y.html]
[napchaivietthai.com.vn/nap-vien-chan.html]
[assets.zyrosite.com/cdn-cgi/image/format=auto,w=1016,h=560,fit=crop/A8576OQ756ujLrWl/Untitled-m5KOWzNjr0H7vWEr.jpg]
[assets.zyrosite.com/cdn-cgi/image/format=auto,w=306,h=192,fit=scale-down/A8576OQ756ujLrWl/napnhom-YBgV1oEZ1ESRZL3Z.png]
[napchaivietthai.com.vn/mang-seal.html]
[assets.zyrosite.com/A8576OQ756ujLrWl/min-YZ9PxOGDMRsE5B9b.jpg]
[assets.zyrosite.com/A8576OQ756ujLrWl/LOGO-min-AQE0D2ryGlu39M98.png]
[napchaivietthai.com.vn/lien-he.html]
[assets.zyrosite.com/A8576OQ756ujLrWl/img-A3QnOW2blqFl23eY.jpg]
[napchaivietthai.com.vn/cdn-cgi/l/email-protection.html]
[napchaivietthai.com.vn/cdn-cgi/scripts/5c5dd728/cloudflare-static/email-decode.min.js]
[zyroassets.s3.us-east-2.amazonaws.com/_SITE-ASSETS/A8576OQ756ujLrWl/ogimage.jpg]
[zyroscreenshot.s3.us-east-2.amazonaws.com/1616578164208-iyf8k.jpg]
[assets.zyrosite.com/A8576OQ756ujLrWl/img-YZ9D7xQKkJtaeb6q.png]
[assets.zyrosite.com/A8576OQ756ujLrWl/img-mjEyxQ4rOyCvnDBg.jpg]
[assets.zyrosite.com/gallery-assets/Frame-mk3jLDyrZbF7LXO8.png]
[assets.zyrosite.com/A8576OQ756ujLrWl/img-YX45LXjyVBCnoB2O.jpg]
[assets.zyrosite.com/A8576OQ756ujLrWl/img-d95N37a7RDsyVEZn.jpg]
[assets.zyrosite.com/A8576OQ756ujLrWl/N-p_nh-YBgDlloZ8gFr8Pe9.jpg]
[assets.zyrosite.com/A8576OQ756ujLrWl/napnhom-YBgV1oEZ1ESRZL3Z.png]
[assets.zyrosite.com/A8576OQ756ujLrWl/vi-n-ch-n-Aq2xeeG90xiMO04k.jpg]
[assets.zyrosite.com/A8576OQ756ujLrWl/ta-i_xu-ng-removebg-preview-m6LVr71wLvIg5gKP.png]
[assets.zyrosite.com/A8576OQ756ujLrWl/m-u-v-ng-YKbV11MP3DFRJLP0.jpg]
[assets.zyrosite.com/A8576OQ756ujLrWl/n-p-h-Yle722Br29uee4Eg.jpg]
[assets.zyrosite.com/A8576OQ756ujLrWl/img-Awv0JDW6o8UZPk7G.jpg]
[assets.zyrosite.com/A8576OQ756ujLrWl/unnamed-YX40zn92vZfDgL7Z.png]
[assets.zyrosite.com/A8576OQ756ujLrWl/N-p-nh-m-c-c-m-u-YrDO11PX2qcbl84v.jpg]
[assets.zyrosite.com/A8576OQ756ujLrWl/N-p-nh-m-vi-n-ch-n-YBgDllKz8EHl1VKv.jpg]
[assets.zyrosite.com/A8576OQ756ujLrWl/PS-YaneM10jKZu9GGZN.jpg]
[assets.zyrosite.com/A8576OQ756ujLrWl/m-u-b-c-AGB0MMP0pWu7gP0j.jpg]
[assets.zyrosite.com/A8576OQ756ujLrWl/N-p-nh-m-chai-phi-AE03223pDNTegXjm.png]
[assets.zyrosite.com/A8576OQ756ujLrWl/img-AMqjxl3kPVSMRQ1L.jpg]
[assets.zyrosite.com/A8576OQ756ujLrWl/N-p-nh-m-ALpjBBGlXkSJenn7.jpg]
[assets.zyrosite.com/A8576OQ756ujLrWl/N-p_th-Y4LnOO4aJwuaQKax.jpg]
[assets.zyrosite.com/A8576OQ756ujLrWl/img-mk3N88KBv2u8Rgz7.jpg]
[assets.zyrosite.com/A8576OQ756ujLrWl/PS-YaneM1JzXRuz4qr3.jpg]
[assets.zyrosite.com/A8576OQ756ujLrWl/pngtree-fast-delivery-icon-for-your-project-png-removebg-preview-min-mxB3MKKG5bT7pknj.png]
[assets.zyrosite.com/A8576OQ756ujLrWl/img-ALpjO7r4OnSVkq5G.jpg]
[assets.zyrosite.com/A8576OQ756ujLrWl/img-m5KOll1e6wtWXXx2.png]
[assets.zyrosite.com/A8576OQ756ujLrWl/napnhua-mP495XPXPgfL7WZ6.png]
[assets.zyrosite.com/A8576OQ756ujLrWl/img-dOq983Grq3hornq0.png]
[assets.zyrosite.com/A8576OQ756ujLrWl/n-p-h-Yle722VNajf4gggM.jpg]
[assets.zyrosite.com/A8576OQ756ujLrWl/idea-min-AR0ZMgOrqzU0zqoW.png]
[assets.zyrosite.com/A8576OQ756ujLrWl/img-m6LVDk3JNxIX21a7.jpg]
[assets.zyrosite.com/A8576OQ756ujLrWl/img-AwvZ5LLNMqiO2Kap.png]
[assets.zyrosite.com/A8576OQ756ujLrWl/N-p-nh-m-phi-x-A1aV1g0jjWfLKO5b.jpg]
[assets.zyrosite.com/A8576OQ756ujLrWl/a-removebg-preview-min-A3QnOVV5Qeck7B2Z.png]
[assets.zyrosite.com/A8576OQ756ujLrWl/N-p-nh-m-chai-vu-ng-d95NDD5OB4sv2X0D.jpg]
[assets.zyrosite.com/A8576OQ756ujLrWl/N-p-bi-v-n-ren-m-u-en-chai-zelka-Yane6MenlQcDpzkD.jpg]
[assets.zyrosite.com/A8576OQ756ujLrWl/PS-m7VzM3bQP4UVK7Vg.jpg]
[assets.zyrosite.com/A8576OQ756ujLrWl/N-p-nh-m-chai-Yle722jyoDhQ1jzG.jpg]
[assets.zyrosite.com/A8576OQ756ujLrWl/img-YrDO11R871FBlKqL.png]
[assets.zyrosite.com/A8576OQ756ujLrWl/N-A85722ZLjXtVjx6E.png]
[assets.zyrosite.com/A8576OQ756ujLrWl/l-p-gh-t-l-t-YNqzpBbo3nfyOln7.jpg]
[assets.zyrosite.com/A8576OQ756ujLrWl/phi-mp8B33EwJ7FZZRKN.jpg]
[assets.zyrosite.com/A8576OQ756ujLrWl/N-p-nh-m-chai-YNqzOO8ooxUoXRD9.jpg]
[assets.zyrosite.com/A8576OQ756ujLrWl/n-p-h-mnlXnnPQ3NFe25R4.jpg]
[assets.zyrosite.com/A8576OQ756ujLrWl/n-p-h-AE0322N8ZXfrb293.jpg]
[assets.zyrosite.com/A8576OQ756ujLrWl/img-mjEjPPJ7D5SqwJj6.png]
[assets.zyrosite.com/A8576OQ756ujLrWl/fame-min-YZ9PxgoM8RC5q8rG.png]
[assets.zyrosite.com/A8576OQ756ujLrWl/N-p-vi-n-ch-n-dOqjllKJgguGowDm.jpg]
[assets.zyrosite.com/A8576OQ756ujLrWl/img-AR0p2280Z5HlzxLj.jpg]
[assets.zyrosite.com/A8576OQ756ujLrWl/ab-removebg-preview-min-YrDPqGgb57F0LBwy.png]
[assets.zyrosite.com/A8576OQ756ujLrWl/img-YD0Zve557MuQgeon.png]
[assets.zyrosite.com/A8576OQ756ujLrWl/removebg-preview-min-YBgqeXOOGVsN7Ekv.png]
[assets.zyrosite.com/A8576OQ756ujLrWl/img-mp8PoX6oy6Hq2MML.png]
[assets.zyrosite.com/A8576OQ756ujLrWl/PE-mk3Nyv4q0QS4781J.jpg]
[assets.zyrosite.com/A8576OQ756ujLrWl/N-p_nh-d95NDDMNL1fN7yar.jpg]
[assets.zyrosite.com/A8576OQ756ujLrWl/support-min-m7Vy5Xxb0jIejk4b.png]
[assets.zyrosite.com/A8576OQ756ujLrWl/N-p-vi-n-ch-n-YKbV11OjOJIpnbBZ.jpg]
[assets.zyrosite.com/A8576OQ756ujLrWl/N-p-bi-v-n-y-chai-zelka-AoPaZZjDbwhDWEvG.jpg]
[assets.zyrosite.com/A8576OQ756ujLrWl/img-AQE688DJrpug55zX.jpg]
[assets.zyrosite.com/A8576OQ756ujLrWl/img-A1aV11EvbZFzLv5O.png]
[assets.zyrosite.com/A8576OQ756ujLrWl/LOGO-m6LKwnBoZxSQ8LvR.png]
[assets.zyrosite.com/A8576OQ756ujLrWl/img-Aq2x6q7zwwuX2kZB.jpg]
[assets.zyrosite.com/A8576OQ756ujLrWl/img-YBgD8e3XqWFvWxOV.jpg]
[assets.zyrosite.com/A8576OQ756ujLrWl/N-AzGajjDWvjHqGDEB.jpg]
[assets.zyrosite.com/A8576OQ756ujLrWl/N-p-nh-m-v-ng-chai-d-u-m7Vz88Nw7BuKvkry.jpg]
[assets.zyrosite.com/A8576OQ756ujLrWl/N-p-nh-m-vi-n-ch-n-YBgDll59PqixDaBR.jpg]
[assets.zyrosite.com/A8576OQ756ujLrWl/N-p-bi-v-n-ren-m-u-un-chai-zelka-AVLO3zOxL6cGlwLa.jpg]
[assets.zyrosite.com/A8576OQ756ujLrWl/N-p-nh-m-vi-n-ch-n-YKbV11KE84HgvNXD.jpg]
[assets.zyrosite.com/A8576OQ756ujLrWl/img-mePW554G5rFlQk27.png]
[assets.zyrosite.com/A8576OQ756ujLrWl/img-AGB03nOJ4ZfV5vXr.jpg]
[assets.zyrosite.com/A8576OQ756ujLrWl/N-p-nh-m-vi-n-ch-n-YX4011wyanUb5103.jpg]
[assets.zyrosite.com/A8576OQ756ujLrWl/N-mp8B333woVSq16xV.jpg]
[assets.zyrosite.com/A8576OQ756ujLrWl/PET-AVLOz7anx9H5oVXV.jpg]
[assets.zyrosite.com/A8576OQ756ujLrWl/N-p-v-ng-mjEjPP82jPTL03gn.jpg]
[assets.zyrosite.com/A8576OQ756ujLrWl/coupon-min-AE0VaggnZau8K84e.png]
[assets.zyrosite.com/A8576OQ756ujLrWl/img-m6LVPPQ3XDSyK6gg.jpg]
[assets.zyrosite.com/A8576OQ756ujLrWl/PE-d-x-tay-c-m-dOqj7apJZWixxvJP.jpg]
[assets.zyrosite.com/A8576OQ756ujLrWl/N-p-vi-n-ch-n-AzGajjwzw9U1yazQ.jpg]
[assets.zyrosite.com/A8576OQ756ujLrWl/img-YZ9D7xQKkJtaeb6q.jpg]
[assets.zyrosite.com/A8576OQ756ujLrWl/N-p-en-c-ren-Yg2ELLOx16iG3Lqn.jpg]
[assets.zyrosite.com/A8576OQ756ujLrWl/img-YZ9DaaZQMGS832NM.jpg]
[assets.zyrosite.com/A8576OQ756ujLrWl/N-p-nh-m-phi-A1aV1gvGJeHG6ErK.jpg]
[assets.zyrosite.com/A8576OQ756ujLrWl/img-A0xLee919OsWrpvk.jpg]
[assets.zyrosite.com/A8576OQ756ujLrWl/N-p-bi-v-n-ren-chai-m5KOllzpQ8fGRj8q.jpg]
[assets.zyrosite.com/A8576OQ756ujLrWl/N-p-nh-m-phi-YBgDloPOJKfVoNgb.jpg]
[assets.zyrosite.com/A8576OQ756ujLrWl/img-YbN6nnL2QRCDvO41.jpg]
[assets.zyrosite.com/A8576OQ756ujLrWl/img-AE03MaZwg7I6vVBp.jpg]
[assets.zyrosite.com/A8576OQ756ujLrWl/N-p-nh-m-phi-mv0M5xporDIQPyDl.jpg]
[assets.zyrosite.com/A8576OQ756ujLrWl/img-YKbVaEBE4QhZyZPd.jpg]
[assets.zyrosite.com/A8576OQ756ujLrWl/N-p_th-AzGajjXGeEF3nL7p.jpg]
[assets.zyrosite.com/A8576OQ756ujLrWl/img-dOq98P8gGxCBZj7O.png]
[assets.zyrosite.com/A8576OQ756ujLrWl/Cach-khui-ruou-vang-mxB3MkVXWDhKg0rb.png]
[assets.zyrosite.com/A8576OQ756ujLrWl/Cach-khui-ruou-vang-AMqrlP92y6Ho2gZK.png]
[assets.zyrosite.com/A8576OQ756ujLrWl/anh-trang-chu-A3QyM90EnrTBJebb.jpg]
[assets.zyrosite.com/A8576OQ756ujLrWl/Untitled-m5KOWzNjr0H7vWEr.jpg]
[i.ytimg.com/vi/78rNmIDjE3I/hqdefault.jpg]
[i.ytimg.com/vi/PHDDSZnAPuQ/hqdefault.jpg]
[assets.zyrosite.com/A8576OQ756ujLrWl/seal-m6LKw3xOXqiDk8RW.png]
[assets.zyrosite.com/A8576OQ756ujLrWl/D-n-m-i-Yg2GqKnvGvH17EWJ.png]
[assets.zyrosite.com/A8576OQ756ujLrWl/seal-la-gi-m5Kjw5w9ZDiRbl8b.jpg]
[assets.zyrosite.com/A8576OQ756ujLrWl/img-A85aE3zqgZH3Pg2O.jpg]
[assets.zyrosite.com/A8576OQ756ujLrWl/img-A3QnODDojyUx5668.png]
[assets.zyrosite.com/A8576OQ756ujLrWl/seal-la-gi-dJo763nQqyhR0Mn9.jpg]
[assets.zyrosite.com/A8576OQ756ujLrWl/Cach-khui-ruou-vang-YleEqZ1OGDUZOjPa.png]
[assets.zyrosite.com/A8576OQ756ujLrWl/seal-la-gi-dWxPyzDoOJHz9BjO.jpg]
[assets.zyrosite.com/A8576OQ756ujLrWl/img-AE0Va8LDMMsENLo9.png]
[assets.zyrosite.com/A8576OQ756ujLrWl/D-n-m-i-YX48a7za7DFnyP3n.png]
[assets.zyrosite.com/A8576OQ756ujLrWl/Cach-khui-ruou-vang-mv032o6kWNCvvrE9.png]
[assets.zyrosite.com/A8576OQ756ujLrWl/img-A1ayBnbMGeflrwKk.png]
[assets.zyrosite.com/A8576OQ756ujLrWl/img-mePeb6vyZxspe7nW.png]
[assets.zyrosite.com/A8576OQ756ujLrWl/Cach-khui-ruou-vang-YD0OBzMGz9iWG4Kx.png]
[assets.zyrosite.com/A8576OQ756ujLrWl/LOGO-YyvBZOz3gKhNe4MW.png]
[assets.zyrosite.com/A8576OQ756ujLrWl/iconfinder_recycling-glass-recycle-YKb0EXeDzaf6q6w1.png]
[assets.zyrosite.com/A8576OQ756ujLrWl/D-n-m-i-mp8kqL0KK0He0kwb.png]
[assets.zyrosite.com/A8576OQ756ujLrWl/ISO-logo-removebg-preview-AE032qpwx0FkOM67.png]
[userapp.zyrosite.com/v170/js/chunk-vendors.66a2ac12.js]
[napchaivietthai.com.vn/index.html]
[userapp.zyrosite.com/v170/js/index.dfdaed9a.js]
[napchaivietthai.com.vn/cdn-cgi/apps/head/a2ff1ftsK3yTu21p1BeEN2BZsnA.89.delayed]
[assets.zyrosite.com/cdn-cgi/image/format=auto,w=392,h=112,fit=scale-down/A8576OQ756ujLrWl/LOGO-m6LKwnBoZxSQ8LvR.png]
[napchaivietthai.com.vn/gioi-thieu.html]
[assets.zyrosite.com/cdn-cgi/image/format=auto,w=392,h=304,fit=scale-down/A8576OQ756ujLrWl/N-p-nh-m-phi-x-A1aV1g0jjWfLKO5b.jpg]
[assets.zyrosite.com/cdn-cgi/image/format=auto,w=392,h=304,fit=scale-down/A8576OQ756ujLrWl/N-p-nh-m-phi-mv0M5xporDIQPyDl.jpg]
[napchaivietthai.com.vn/nap-nhom.html]
[assets.zyrosite.com/cdn-cgi/image/format=auto,w=392,h=304,fit=scale-down/A8576OQ756ujLrWl/N-p-bi-v-n-y-chai-zelka-AoPaZZjDbwhDWEvG.jpg]
[assets.zyrosite.com/cdn-cgi/image/format=auto,w=392,h=304,fit=scale-down/A8576OQ756ujLrWl/N-p-bi-v-n-ren-chai-m5KOllzpQ8fGRj8q.jpg]
[napchaivietthai.com.vn/nap-bi-nhua.html]
[assets.zyrosite.com/cdn-cgi/image/format=auto,w=600,h=432,fit=scale-down/A8576OQ756ujLrWl/img-AQE688DJrpug55zX.jpg]
[assets.zyrosite.com/cdn-cgi/image/format=auto,w=600,h=368,fit=scale-down/A8576OQ756ujLrWl/N-p_th-AzGajjXGeEF3nL7p.jpg]
[napchaivietthai.com.vn/nap-thu-y.html]
[assets.zyrosite.com/cdn-cgi/image/format=auto,w=392,h=304,fit=scale-down/A8576OQ756ujLrWl/vi-n-ch-n-Aq2xeeG90xiMO04k.jpg]
[assets.zyrosite.com/cdn-cgi/image/format=auto,w=392,h=304,fit=scale-down/A8576OQ756ujLrWl/img-A0xLee919OsWrpvk.jpg]
[napchaivietthai.com.vn/nap-vien-chan.html]
[assets.zyrosite.com/cdn-cgi/image/format=auto,w=184,h=112,fit=scale-down/A8576OQ756ujLrWl/img-mePeb6vyZxspe7nW.png]
[assets.zyrosite.com/cdn-cgi/image/format=auto,w=184,h=112,fit=scale-down/A8576OQ756ujLrWl/img-dOq98P8gGxCBZj7O.png]
[assets.zyrosite.com/cdn-cgi/image/format=auto,w=184,h=112,fit=scale-down/A8576OQ756ujLrWl/iconfinder_recycling-glass-recycle-YKb0EXeDzaf6q6w1.png]
[napchaivietthai.com.vn/pe-bvtv-in-en.html]
[napchaivietthai.com.vn/page-Xa6kso8dl.97.delayed]
[napchaivietthai.com.vn/mang-seal.html]
[napchaivietthai.com.vn/lien-he.html]
[napchaivietthai.com.vn/cdn-cgi/l/email-protection.html]
[napchaivietthai.com.vn/cdn-cgi/apps/head/a2ff1ftsK3yTu21p1BeEN2BZsnA.js]
[assets.zyrosite.com/cdn-cgi/image/format=auto,w=392,h=368,fit=scale-down/A8576OQ756ujLrWl/img-ALpjO7r4OnSVkq5G.jpg]
[assets.zyrosite.com/cdn-cgi/image/format=auto,w=392,h=368,fit=scale-down/A8576OQ756ujLrWl/img-AE03MaZwg7I6vVBp.jpg]
[napchaivietthai.com.vn/pe-bvtv-in-en.html]
[napchaivietthai.com.vn/page-Xa6kso8dl.html]
